{
  "type": "AdaptiveCard",
  "$schema": "http://adaptivecards.io/schemas/adaptive-card.json",
  "version": "1.0",
  "body": [
    {
      "type": "TextBlock",
      "text": "Hello"
    },
    {
      "type": "TextBlock",
      "text": "Hello World"
    }
  ],
  "namespace": "tymlyTest",
  "blueprintName": "simpsons",
  "blueprintVersion": "1.0",
  "id": "toRemove",
  "name": "toRemove"
}
